Traceback (most recent call last):
  File "/opt/conda/lib/python3.12/site-packages/jupyter_cache/executors/utils.py", line 58, in single_nb_execution
    executenb(
  File "/opt/conda/lib/python3.12/site-packages/nbclient/client.py", line 1305, in execute
    return NotebookClient(nb=nb, resources=resources, km=km, **kwargs).execute()
           ^^^^^^^^^^^^^^^^^^^^^^^^^^^^^^^^^^^^^^^^^^^^^^^^^^^^^^^^^^^^^^^^^^^^^
  File "/opt/conda/lib/python3.12/site-packages/jupyter_core/utils/__init__.py", line 165, in wrapped
    return loop.run_until_complete(inner)
           ^^^^^^^^^^^^^^^^^^^^^^^^^^^^^^
  File "/opt/conda/lib/python3.12/asyncio/base_events.py", line 687, in run_until_complete
    return future.result()
           ^^^^^^^^^^^^^^^
  File "/opt/conda/lib/python3.12/site-packages/nbclient/client.py", line 705, in async_execute
    await self.async_execute_cell(
  File "/opt/conda/lib/python3.12/site-packages/nbclient/client.py", line 1058, in async_execute_cell
    await self._check_raise_for_error(cell, cell_index, exec_reply)
  File "/opt/conda/lib/python3.12/site-packages/nbclient/client.py", line 914, in _check_raise_for_error
    raise CellExecutionError.from_cell_and_msg(cell, exec_reply_content)
nbclient.exceptions.CellExecutionError: An error occurred while executing the following cell:
------------------
lfp = nwbfile.processing['ecephys'].data_interface['LFP']['ElectricalSeriesNeuopixels Opto-1-LFP'].data[:]
lfp.shape
------------------


[0;31m---------------------------------------------------------------------------[0m
[0;31mAttributeError[0m                            Traceback (most recent call last)
Cell [0;32mIn[9], line 1[0m
[0;32m----> 1[0m lfp [38;5;241m=[39m [43mnwbfile[49m[38;5;241;43m.[39;49m[43mprocessing[49m[43m[[49m[38;5;124;43m'[39;49m[38;5;124;43mecephys[39;49m[38;5;124;43m'[39;49m[43m][49m[38;5;241;43m.[39;49m[43mdata_interface[49m[[38;5;124m'[39m[38;5;124mLFP[39m[38;5;124m'[39m][[38;5;124m'[39m[38;5;124mElectricalSeriesNeuopixels Opto-1-LFP[39m[38;5;124m'[39m][38;5;241m.[39mdata[:]
[1;32m      2[0m lfp[38;5;241m.[39mshape

[0;31mAttributeError[0m: 'ProcessingModule' object has no attribute 'data_interface'

