Traceback (most recent call last):
  File "/opt/conda/lib/python3.10/site-packages/jupyter_cache/executors/utils.py", line 58, in single_nb_execution
    executenb(
  File "/opt/conda/lib/python3.10/site-packages/nbclient/client.py", line 1305, in execute
    return NotebookClient(nb=nb, resources=resources, km=km, **kwargs).execute()
  File "/opt/conda/lib/python3.10/site-packages/jupyter_core/utils/__init__.py", line 166, in wrapped
    return loop.run_until_complete(inner)
  File "/opt/conda/lib/python3.10/asyncio/base_events.py", line 649, in run_until_complete
    return future.result()
  File "/opt/conda/lib/python3.10/site-packages/nbclient/client.py", line 705, in async_execute
    await self.async_execute_cell(
  File "/opt/conda/lib/python3.10/site-packages/nbclient/client.py", line 1058, in async_execute_cell
    await self._check_raise_for_error(cell, cell_index, exec_reply)
  File "/opt/conda/lib/python3.10/site-packages/nbclient/client.py", line 914, in _check_raise_for_error
    raise CellExecutionError.from_cell_and_msg(cell, exec_reply_content)
nbclient.exceptions.CellExecutionError: An error occurred while executing the following cell:
------------------
plt.plot(ts, dff[:,0])
plt.xlabel("Time (s)")
plt.ylabel("DFF (%)")
------------------


[0;31m---------------------------------------------------------------------------[0m
[0;31mNameError[0m                                 Traceback (most recent call last)
Cell [0;32mIn[7], line 1[0m
[0;32m----> 1[0m plt[38;5;241m.[39mplot([43mts[49m, dff[:,[38;5;241m0[39m])
[1;32m      2[0m plt[38;5;241m.[39mxlabel([38;5;124m"[39m[38;5;124mTime (s)[39m[38;5;124m"[39m)
[1;32m      3[0m plt[38;5;241m.[39mylabel([38;5;124m"[39m[38;5;124mDFF ([39m[38;5;124m%[39m[38;5;124m)[39m[38;5;124m"[39m)

[0;31mNameError[0m: name 'ts' is not defined

